2026-09-08T20:22:16+05:30 desktop home run1 size=1493730 dur=44s
2026-09-08T20:23:12+05:30 desktop home run2 size=1515690 dur=56s
2026-09-08T20:23:51+05:30 mobile home run1 size=947652 dur=39s
2026-09-08T20:24:34+05:30 mobile home run2 size=1041297 dur=43s
2026-09-08T20:25:08+05:30 desktop culture-mosque run1 size=1226124 dur=32s
2026-09-08T20:25:44+05:30 desktop culture-mosque run2 size=1225972 dur=35s
2026-09-08T20:26:27+05:30 mobile culture-mosque run1 size=998722 dur=43s
2026-09-08T20:27:09+05:30 mobile culture-mosque run2 size=1143396 dur=41s
2026-09-08T20:27:42+05:30 desktop malayalam-article run1 size=877242 dur=33s
2026-09-08T20:28:10+05:30 desktop malayalam-article run2 size=910758 dur=28s
2026-09-08T20:28:47+05:30 mobile malayalam-article run1 size=890906 dur=37s
2026-09-08T20:29:17+05:30 mobile malayalam-article run2 size=889390 dur=29s
2026-09-08T20:29:53+05:30 desktop category-news run1 size=1203382 dur=36s
2026-09-08T20:30:24+05:30 desktop category-news run2 size=1281624 dur=31s
2026-09-08T20:30:52+05:30 mobile category-news run1 size=1032092 dur=28s
2026-09-08T20:31:26+05:30 mobile category-news run2 size=833102 dur=34s
2026-09-08T20:32:04+05:30 desktop search-quran run1 size=1147693 dur=38s
2026-09-08T20:32:35+05:30 desktop search-quran run2 size=1149715 dur=30s
2026-09-08T20:33:05+05:30 mobile search-quran run1 size=879325 dur=30s
2026-09-08T20:33:39+05:30 mobile search-quran run2 size=879295 dur=34s
ALL_DONE
